Case #1: NO YES YES
Case #2: NO YES NO
Case #3: YES YES NO
Case #4: NO YES YES
Case #5: NO NO YES
Case #6: NO YES NO
Case #7: YES YES NO
Case #8: YES NO NO
Case #9: NO YES YES
Case #10: YES YES YES
Case #11: YES YES YES
Case #12: NO YES YES
Case #13: YES YES YES
Case #14: YES YES YES
Case #15: YES YES NO
Case #16: NO YES NO
Case #17: YES YES YES
Case #18: NO NO YES
Case #19: YES NO NO
Case #20: NO YES NO
Case #21: NO YES NO
Case #22: NO YES NO
Case #23: YES YES YES
Case #24: YES YES YES
Case #25: YES NO NO
Case #26: YES YES YES
Case #27: YES YES YES
Case #28: YES YES YES
Case #29: YES YES NO
Case #30: YES NO NO
Case #31: YES YES YES
Case #32: NO YES YES
Case #33: YES YES YES
Case #34: NO YES NO
Case #35: NO YES NO
Case #36: YES NO YES
Case #37: NO NO YES
Case #38: YES YES YES
Case #39: NO YES YES
Case #40: YES NO NO
Case #41: NO YES YES
Case #42: NO YES NO
Case #43: NO YES NO
Case #44: NO YES NO
Case #45: YES YES NO
Case #46: NO YES NO
Case #47: YES YES YES
Case #48: YES NO NO
Case #49: YES YES NO
Case #50: YES NO NO
Case #51: NO YES NO
Case #52: YES NO YES
Case #53: YES NO YES
Case #54: NO YES NO
Case #55: YES YES NO
Case #56: NO YES NO
Case #57: YES YES YES
Case #58: NO NO YES
Case #59: NO YES NO
Case #60: YES YES NO
Case #61: NO YES YES
Case #62: YES NO NO
Case #63: YES YES YES
Case #64: NO YES NO
Case #65: YES NO NO
Case #66: YES YES YES
Case #67: YES YES YES
Case #68: YES YES NO
Case #69: YES YES YES
Case #70: YES YES YES
Case #71: NO YES YES
Case #72: NO YES NO
Case #73: YES YES YES
Case #74: YES YES NO
Case #75: YES YES YES
Case #76: YES NO NO
Case #77: NO NO YES
Case #78: YES YES NO
Case #79: NO YES NO
Case #80: YES YES YES
Case #81: YES NO NO
Case #82: YES YES NO
Case #83: NO YES YES
Case #84: YES YES YES
Case #85: NO YES YES
Case #86: YES YES YES
Case #87: NO YES NO
Case #88: YES YES YES
Case #89: NO NO YES
Case #90: NO YES NO
Case #91: NO YES YES
Case #92: NO YES YES
Case #93: YES YES YES
Case #94: YES NO NO
Case #95: YES YES NO
Case #96: NO YES NO
Case #97: YES YES NO
Case #98: YES NO NO
Case #99: YES NO NO
Case #100: NO YES NO
