Case #1: 0
Case #2: 2
Case #3: IMPOSSIBLE
Case #4: 0
Case #5: 0
Case #6: IMPOSSIBLE
Case #7: IMPOSSIBLE
Case #8: 0
Case #9: 1
Case #10: IMPOSSIBLE
Case #11: 3
Case #12: 1
Case #13: 3
Case #14: 12
Case #15: 0
Case #16: 3
Case #17: 0
Case #18: 0
Case #19: 0
Case #20: IMPOSSIBLE
Case #21: 0
Case #22: 0
Case #23: 0
Case #24: 0
Case #25: 1
Case #26: 0
Case #27: IMPOSSIBLE
Case #28: 11
Case #29: 0
Case #30: 0
Case #31: 0
Case #32: 1
Case #33: 1
Case #34: IMPOSSIBLE
Case #35: IMPOSSIBLE
Case #36: 0
Case #37: IMPOSSIBLE
Case #38: 2
Case #39: 2
Case #40: 1
Case #41: 2
Case #42: 0
Case #43: 13
Case #44: IMPOSSIBLE
Case #45: 0
Case #46: IMPOSSIBLE
Case #47: 0
Case #48: 1
Case #49: 0
Case #50: IMPOSSIBLE
Case #51: 0
Case #52: 2
Case #53: 0
Case #54: IMPOSSIBLE
Case #55: 2
Case #56: 0
Case #57: 0
Case #58: 0
Case #59: 0
Case #60: IMPOSSIBLE
Case #61: IMPOSSIBLE
Case #62: 0
Case #63: 2
Case #64: 0
Case #65: 3
Case #66: 0
Case #67: 2
Case #68: IMPOSSIBLE
Case #69: IMPOSSIBLE
Case #70: 0
Case #71: 5
Case #72: 2
Case #73: 0
Case #74: 0
Case #75: 1
Case #76: 2
Case #77: 0
Case #78: IMPOSSIBLE
Case #79: 0
Case #80: 0
Case #81: IMPOSSIBLE
Case #82: 0
Case #83: 0
Case #84: 0
Case #85: 0
Case #86: 0
Case #87: 0
Case #88: 7
Case #89: 0
Case #90: 2
Case #91: 0
Case #92: IMPOSSIBLE
Case #93: IMPOSSIBLE
Case #94: 0
Case #95: IMPOSSIBLE
Case #96: 2
Case #97: 1
Case #98: 3
Case #99: 0
Case #100: 1
