Case #1: our language is impossible to understand
Case #2: there are twenty six factorial possibilities
Case #3: so it is okay if you want to just give up
Case #4: xoggk d yl wxo vkkvgo ekso uyl wonw sywy
Case #5: xkf yto akj
Case #6: yabba dabba yabba dabba yabba dabba yabba dabba yabba dabba yabba dabba yabba dabba yabba dooooooooo
Case #7: a b c d e f g h i j k l m n o p q r s t u v y w x y z now i know my abcs
Case #8: next time wont you sing with me
Case #9: pneumonoultramicroscopicsilicovolcanoconiosis
Case #10: you pissed off the chicken lady
Case #11: our code jam is like the pythagorean theorem
Case #12: there is no answer
Case #13: this is so exciting i have to go the bathroom
Case #14: oh yeah alright were gonna shake it up with the party bear tonight
Case #15: for those who speak in a tongue do not speak to other people
Case #16: nobody understands them since they are speaking mysteries in the spirit
Case #17: right i forgot here in the states you call it a sausage in the mouth
Case #18: all your base are belong to error the spoony bard
Case #19: it was the best of times it was the blurst of times
Case #20: by the pricking of my thumbs something wicked this way comes
Case #21: why do programmers always mix up halloween and christmas
Case #22: f of two equals f of one equals one
Case #23: for i between three and n f of i equals f of i minus one plus f of i minus two
Case #24: an eye for an eye and a pigeon for a pigeon
Case #25: let lips do what hands do
Case #26: each of us has his own special gift and you know this was meant to be true
Case #27: and if you dont underestimate me i wont underestimate you
Case #28: friends dont let friends let scientific progress go boink
Case #29: dr zaius dr zaius dr zaius dr zaius ooooooooooooh dr zaius
Case #30: my name is dug i have just met you and i looove you
