Case #1: NO YES YES
Case #2: NO YES NO
Case #3: YES YES YES
Case #4: YES YES YES
Case #5: YES YES YES
Case #6: YES YES YES
Case #7: YES YES YES
Case #8: YES YES YES
Case #9: YES YES YES
Case #10: NO YES YES
Case #11: NO YES YES
Case #12: YES YES YES
Case #13: YES YES YES
Case #14: YES YES YES
Case #15: YES YES YES
Case #16: NO YES NO
Case #17: YES YES YES
Case #18: YES YES NO
Case #19: YES YES YES
Case #20: NO YES YES
Case #21: YES NO NO
Case #22: YES NO NO
Case #23: NO YES NO
Case #24: YES YES YES
Case #25: YES YES YES
Case #26: NO YES NO
Case #27: YES YES YES
Case #28: YES YES YES
Case #29: YES YES YES
Case #30: YES YES NO
Case #31: NO YES NO
Case #32: NO YES NO
Case #33: YES NO NO
Case #34: YES NO NO
Case #35: YES YES YES
Case #36: YES YES YES
Case #37: YES YES YES
Case #38: YES YES YES
Case #39: YES NO NO
Case #40: YES YES YES
Case #41: YES NO NO
Case #42: YES YES YES
Case #43: YES YES YES
Case #44: NO NO YES
Case #45: NO YES NO
Case #46: NO NO YES
Case #47: NO YES NO
Case #48: YES YES NO
Case #49: YES YES NO
Case #50: YES YES YES
Case #51: NO YES NO
Case #52: YES YES YES
Case #53: NO NO YES
Case #54: YES YES YES
Case #55: YES YES YES
Case #56: YES YES YES
Case #57: NO YES NO
Case #58: YES YES YES
Case #59: YES YES YES
Case #60: NO NO YES
Case #61: YES YES YES
Case #62: YES YES YES
Case #63: YES YES YES
Case #64: YES YES YES
Case #65: YES YES YES
Case #66: YES YES NO
Case #67: YES YES NO
Case #68: NO YES NO
Case #69: YES YES YES
Case #70: YES YES YES
Case #71: YES NO NO
Case #72: YES YES YES
Case #73: NO YES NO
Case #74: NO YES YES
Case #75: NO YES YES
Case #76: NO NO YES
Case #77: YES YES YES
Case #78: YES NO YES
Case #79: YES YES YES
Case #80: YES YES NO
Case #81: NO YES NO
Case #82: YES YES NO
Case #83: NO YES YES
Case #84: NO YES NO
Case #85: YES YES YES
Case #86: YES YES YES
Case #87: NO YES NO
Case #88: NO YES YES
Case #89: YES YES YES
Case #90: YES YES YES
Case #91: NO YES NO
Case #92: YES YES YES
Case #93: YES YES YES
Case #94: YES YES NO
Case #95: YES NO NO
Case #96: NO YES YES
Case #97: NO YES NO
Case #98: NO YES YES
Case #99: YES NO YES
Case #100: NO YES NO
