Case #1: 0
Case #2: 1
Case #3: 2
Case #4: 1
Case #5: 0
Case #6: 6
Case #7: 8
Case #8: 8
Case #9: 3
Case #10: 3
Case #11: 3
Case #12: 6
Case #13: 9
Case #14: 6
Case #15: 8
Case #16: 1
Case #17: 2
Case #18: 2
Case #19: 6
Case #20: 6
Case #21: 3
Case #22: 4
Case #23: 10
Case #24: 3
Case #25: 8
Case #26: 9
Case #27: 8
Case #28: 0
Case #29: 9
Case #30: 6
Case #31: 6
Case #32: 2
Case #33: 7
Case #34: 0
Case #35: 5
Case #36: 2
Case #37: 2
Case #38: 1
Case #39: 1
Case #40: 6
Case #41: 6
Case #42: 9
Case #43: 10
Case #44: 3
Case #45: 7
Case #46: 0
Case #47: 7
Case #48: 2
Case #49: 0
Case #50: 5
Case #51: 4
Case #52: 3
Case #53: 1
Case #54: 0
Case #55: 4
Case #56: 8
Case #57: 7
Case #58: 8
Case #59: 4
Case #60: 3
Case #61: 7
Case #62: 2
Case #63: 3
Case #64: 8
Case #65: 0
Case #66: 7
Case #67: 9
Case #68: 9
Case #69: 6
Case #70: 9
Case #71: 3
Case #72: 9
Case #73: 7
Case #74: 6
Case #75: 1
Case #76: 0
Case #77: 6
Case #78: 0
Case #79: 4
Case #80: 4
Case #81: 9
Case #82: 6
Case #83: 8
Case #84: 12
Case #85: 0
Case #86: 9
Case #87: 0
Case #88: 5
Case #89: 0
Case #90: 4
Case #91: 8
Case #92: 7
Case #93: 0
Case #94: 7
Case #95: 8
Case #96: 6
Case #97: 9
Case #98: 12
Case #99: 7
Case #100: 5
