Case #1: SPPRRRRSSSSSSSSPPPPPPPPPPPPPPPPRRRRRRRRRRRRRRRRRRRSSSSSSSSSS
Case #2: RSSSSPPPPPPPPPPPPPPPRRRRRRRRRRRRRRRRRRRRRRRRRSSSSSSSSSSSSSSS
Case #3: SPPRRRRSSSSSSSSPPPPPPPPPPPPPPPPRRRRRRRRRRRRRRRRRRRSSSSSSSSSS
Case #4: SPPRRRRSSSSSSSSPPPPPPPPPPPPPPPPRRRRRRRRRRRRRRRRRRRSSSSSSSSSS
Case #5: PRSPRSPRSPRSPRSPRSPRSPRSPRSPRSPRSPRSPRSPRSPRSPRSPRSPRSPRSPRS
Case #6: SPPPPPPPPPRRRRRRRRRRRRRRRRRRRRRRRRRRRSSSSSSSSSSSSSSSSSSSSSSS
Case #7: SPPPPPPPPPRRRRRRRRRRRRRRRRRRRRRRRRRRRSSSSSSSSSSSSSSSSSSSSSSS
Case #8: SPPPPPPPPPRRRRRRRRRRRRRRRRRRRRRRRRRRRSSSSSSSSSSSSSSSSSSSSSSS
Case #9: SPPPPPPPPPRRRRRRRRRRRRRRRRRRRRRRRRRRRSSSSSSSSSSSSSSSSSSSSSSS
Case #10: SPPRRRRSSSSSSSSPPPPPPPPPPPPPPPPRRRRRRRRRRRRRRRRRRRSSSSSSSSSS
Case #11: RSSSSPPPPPPPPPPPPPPPRRRRRRRRRRRRRRRRRRRRRRRRRSSSSSSSSSSSSSSS
Case #12: SPPRRRRSSSSSSSSPPPPPPPPPPPPPPPPRRRRRRRRRRRRRRRRRRRSSSSSSSSSS
Case #13: RSSSSPPPPPPPPPPPPPPPRRRRRRRRRRRRRRRRRRRRRRRRRSSSSSSSSSSSSSSS
Case #14: PRSPRSPRSPRSPRSPRSPRSPRSPRSPRSPRSPRSPRSPRSPRSPRSPRSPRSPRSPRS
Case #15: SPPRRRRSSSSSSSSPPPPPPPPPPPPPPPPRRRRRRRRRRRRRRRRRRRSSSSSSSSSS
Case #16: RSSSSPPPPPPPPPPPPPPPRRRRRRRRRRRRRRRRRRRRRRRRRSSSSSSSSSSSSSSS
Case #17: PRSPRSPRSPRSPRSPRSPRSPRSPRSPRSPRSPRSPRSPRSPRSPRSPRSPRSPRSPRS
Case #18: PRSPRSPRSPRSPRSPRSPRSPRSPRSPRSPRSPRSPRSPRSPRSPRSPRSPRSPRSPRS
Case #19: SPPPPPPPPPRRRRRRRRRRRRRRRRRRRRRRRRRRRSSSSSSSSSSSSSSSSSSSSSSS
Case #20: PRSPRSPRSPRSPRSPRSPRSPRSPRSPRSPRSPRSPRSPRSPRSPRSPRSPRSPRSPRS
Case #21: SPPPPPPPPPRRRRRRRRRRRRRRRRRRRRRRRRRRRSSSSSSSSSSSSSSSSSSSSSSS
Case #22: SPPRRRRSSSSSSSSPPPPPPPPPPPPPPPPRRRRRRRRRRRRRRRRRRRSSSSSSSSSS
Case #23: SPPPPPPPPPRRRRRRRRRRRRRRRRRRRRRRRRRRRSSSSSSSSSSSSSSSSSSSSSSS
Case #24: SPPRRRRSSSSSSSSPPPPPPPPPPPPPPPPRRRRRRRRRRRRRRRRRRRSSSSSSSSSS
Case #25: SPPPPPPPPPRRRRRRRRRRRRRRRRRRRRRRRRRRRSSSSSSSSSSSSSSSSSSSSSSS
Case #26: PRSPRSPRSPRSPRSPRSPRSPRSPRSPRSPRSPRSPRSPRSPRSPRSPRSPRSPRSPRS
Case #27: PRSPRSPRSPRSPRSPRSPRSPRSRPSPRSPRSPRSPRSPRSPRSPRSPRSPRSPRSPRS
Case #28: RSSSSPPPPPPPPPPPPPPPRRRRRRRRRRRRRRRRRRRRRRRRRSSSSSSSSSSSSSSS
Case #29: PRSPRSPRSPRSPRSPRSPRSPRSPRSPRSPRSPRSPRSPRSPRSPRSPRSPRSPRSPRS
Case #30: PRSPRSPRSPRSPRSPRSPRSPRSPRSPRSPRSPRSPRSPRSPRSPRSPRSPRSPRSPRS
Case #31: PRSPRSPRSPRSPRSPRSPRSPRSPRSPRSPRSPRSPRSPRSPRSPRSPRSPRSPRSPRS
Case #32: SPPRRRRSSSSSSSSPPPPPPPPPPPPPPPPRRRRRRRRRRRRRRRRRRRSSSSSSSSSS
Case #33: RSSSSPPPPPPPPPPPPPPPRRRRRRRRRRRRRRRRRRRRRRRRRSSSSSSSSSSSSSSS
Case #34: SPPRRRRSSSSSSSSPPPPPPPPPPPPPPPPRRRRRRRRRRRRRRRRRRRSSSSSSSSSS
Case #35: SPPRRRRSSSSSSSSPPPPPPPPPPPPPPPPRRRRRRRRRRRRRRRRRRRSSSSSSSSSS
Case #36: RSSSSPPPPPPPPPPPPPPPRRRRRRRRRRRRRRRRRRRRRRRRRSSSSSSSSSSSSSSS
Case #37: SPPRRRRSSSSSSSSPPPPPPPPPPPPPPPPRRRRRRRRRRRRRRRRRRRSSSSSSSSSS
Case #38: PRSPRSPRSPRSPRSPRSPRSPRSPRSPRSPRSPRSPRSPRSPRSPRSPRSPRSPRSPRS
Case #39: RSSSSPPPPPPPPPPPPPPPRRRRRRRRRRRRRRRRRRRRRRRRRSSSSSSSSSSSSSSS
Case #40: PRSPRSPRSPRSRPSPRSPRSPRSPRSPRSPRSPRSPRSPRSPRSPRSPRSPRSPRSPRS
Case #41: RSSSSPPPPPPPPPPPPPPPRRRRRRRRRRRRRRRRRRRRRRRRRSSSSSSSSSSSSSSS
Case #42: RSSSSPPPPPPPPPPPPPPPRRRRRRRRRRRRRRRRRRRRRRRRRSSSSSSSSSSSSSSS
Case #43: SPPRRRRSSSSSSSSPPPPPPPPPPPPPPPPRRRRRRRRRRRRRRRRRRRSSSSSSSSSS
Case #44: PRSPRSPRSPRSPRSPRSPRSPRSPRSPRSPRSPRSPRSPRSPRSPRSPRSPRSPRSPRS
Case #45: RSSSSPPPPPPPPPPPPPPPRRRRRRRRRRRRRRRRRRRRRRRRRSSSSSSSSSSSSSSS
Case #46: RSSSSPPPPPPPPPPPPPPPRRRRRRRRRRRRRRRRRRRRRRRRRSSSSSSSSSSSSSSS
Case #47: SPPPPPPPPPRRRRRRRRRRRRRRRRRRRRRRRRRRRSSSSSSSSSSSSSSSSSSSSSSS
Case #48: SPPRRRRSSSSSSSSPPPPPPPPPPPPPPPPRRRRRRRRRRRRRRRRRRRSSSSSSSSSS
Case #49: SPPRRRRSSSSSSSSPPPPPPPPPPPPPPPPRRRRRRRRRRRRRRRRRRRSSSSSSSSSS
Case #50: PRSPRSPRSPRSPRSPRSPRSPRSPRSPRSPRSPRSPRSPRSPRSPRSPRSPRSPRSPRS
Case #51: PRSPRSPRSPRSPRSPRSPRSPRSPRSPRSPRSPRSPRSPRSPRSPRSPRSPRSPRSPRS
Case #52: PRSPRSRPSPRSPRSPRSPRSPRSPRSPRSPRSPRSPRSPRSPRSPRSPRSPRSPRSPRS
Case #53: PRSPRSPRSPRSPRSPRSPRSPRSPRSPRSPRSPRSPRSPRSPRSPRSPRSPRSPRSPRS
Case #54: SPPPPPPPPPRRRRRRRRRRRRRRRRRRRRRRRRRRRSSSSSSSSSSSSSSSSSSSSSSS
Case #55: SPPRRRRSSSSSSSSPPPPPPPPPPPPPPPPRRRRRRRRRRRRRRRRRRRSSSSSSSSSS
Case #56: SPPRRRRSSSSSSSSPPPPPPPPPPPPPPPPRRRRRRRRRRRRRRRRRRRSSSSSSSSSS
Case #57: RSSSSPPPPPPPPPPPPPPPRRRRRRRRRRRRRRRRRRRRRRRRRSSSSSSSSSSSSSSS
Case #58: RSSSSPPPPPPPPPPPPPPPRRRRRRRRRRRRRRRRRRRRRRRRRSSSSSSSSSSSSSSS
Case #59: SPPRRRRSSSSSSSSPPPPPPPPPPPPPPPPRRRRRRRRRRRRRRRRRRRSSSSSSSSSS
Case #60: SPPRRRRSSSSSSSSPPPPPPPPPPPPPPPPRRRRRRRRRRRRRRRRRRRSSSSSSSSSS
Case #61: SPPPPPPPPPRRRRRRRRRRRRRRRRRRRRRRRRRRRSSSSSSSSSSSSSSSSSSSSSSS
Case #62: SPPPPPPPPPRRRRRRRRRRRRRRRRRRRRRRRRRRRSSSSSSSSSSSSSSSSSSSSSSS
Case #63: SPPPPPPPPPRRRRRRRRRRRRRRRRRRRRRRRRRRRSSSSSSSSSSSSSSSSSSSSSSS
Case #64: SPPPPPPPPPRRRRRRRRRRRRRRRRRRRRRRRRRRRSSSSSSSSSSSSSSSSSSSSSSS
Case #65: SPPPPPPPPPRRRRRRRRRRRRRRRRRRRRRRRRRRRSSSSSSSSSSSSSSSSSSSSSSS
Case #66: PRSPRSPRSPRSPRSPRSPRSPRSPRSPRSPRSPRSPRSPRSPRSPRSPRSPRSPRSPRS
Case #67: RSSSSPPPPPPPPPPPPPPPRRRRRRRRRRRRRRRRRRRRRRRRRSSSSSSSSSSSSSSS
Case #68: PRSPRSPRSPRSPRSPRSPRSPRSPRSPRSPRSPRSPRSPRSPRSPRSPRSPRSPRSPRS
Case #69: SPPPPPPPPPRRRRRRRRRRRRRRRRRRRRRRRRRRRSSSSSSSSSSSSSSSSSSSSSSS
Case #70: PRSPRSPRSPRSPRSPRSPRSPRSPRSPRSPRSPRSPRSPRSPRSPRSPRSPRSPRSPRS
Case #71: SPPRRRRSSSSSSSSPPPPPPPPPPPPPPPPRRRRRRRRRRRRRRRRRRRSSSSSSSSSS
Case #72: SPPRRRRSSSSSSSSPPPPPPPPPPPPPPPPRRRRRRRRRRRRRRRRRRRSSSSSSSSSS
Case #73: SPPRRRRSSSSSSSSPPPPPPPPPPPPPPPPRRRRRRRRRRRRRRRRRRRSSSSSSSSSS
Case #74: PRSPRSPRSPRSPRSPRSPRSPRSPRSPRSPRSPRSPRSPRSPRSPRSPRSPRSPRSPRS
Case #75: SPPPPPPPPPRRRRRRRRRRRRRRRRRRRRRRRRRRRSSSSSSSSSSSSSSSSSSSSSSS
Case #76: SPPPPPPPPPRRRRRRRRRRRRRRRRRRRRRRRRRRRSSSSSSSSSSSSSSSSSSSSSSS
Case #77: SPPPPPPPPPRRRRRRRRRRRRRRRRRRRRRRRRRRRSSSSSSSSSSSSSSSSSSSSSSS
Case #78: RSSSSPPPPPPPPPPPPPPPRRRRRRRRRRRRRRRRRRRRRRRRRSSSSSSSSSSSSSSS
Case #79: SPPPPPPPPPRRRRRRRRRRRRRRRRRRRRRRRRRRRSSSSSSSSSSSSSSSSSSSSSSS
Case #80: SPPRRRRSSSSSSSSPPPPPPPPPPPPPPPPRRRRRRRRRRRRRRRRRRRSSSSSSSSSS
Case #81: SPPRRRRSSSSSSSSPPPPPPPPPPPPPPPPRRRRRRRRRRRRRRRRRRRSSSSSSSSSS
Case #82: RSSSSPPPPPPPPPPPPPPPRRRRRRRRRRRRRRRRRRRRRRRRRSSSSSSSSSSSSSSS
Case #83: SPPPPPPPPPRRRRRRRRRRRRRRRRRRRRRRRRRRRSSSSSSSSSSSSSSSSSSSSSSS
Case #84: RSSSSPPPPPPPPPPPPPPPRRRRRRRRRRRRRRRRRRRRRRRRRSSSSSSSSSSSSSSS
Case #85: SPPPPPPPPPRRRRRRRRRRRRRRRRRRRRRRRRRRRSSSSSSSSSSSSSSSSSSSSSSS
Case #86: SPPPPPPPPPRRRRRRRRRRRRRRRRRRRRRRRRRRRSSSSSSSSSSSSSSSSSSSSSSS
Case #87: SPPPPPPPPPRRRRRRRRRRRRRRRRRRRRRRRRRRRSSSSSSSSSSSSSSSSSSSSSSS
Case #88: RSSSSPPPPPPPPPPPPPPPRRRRRRRRRRRRRRRRRRRRRRRRRSSSSSSSSSSSSSSS
Case #89: PRSPRSPRSPRSPRSPRSPRSPRSPRSPRSPRSPRSPRSPRSPRSPRSPRSPRSPRSPRS
Case #90: SPPPPPPPPPRRRRRRRRRRRRRRRRRRRRRRRRRRRSSSSSSSSSSSSSSSSSSSSSSS
Case #91: RSSSSPPPPPPPPPPPPPPPRRRRRRRRRRRRRRRRRRRRRRRRRSSSSSSSSSSSSSSS
Case #92: SPPRRRRSSSSSSSSPPPPPPPPPPPPPPPPRRRRRRRRRRRRRRRRRRRSSSSSSSSSS
Case #93: PRSPRSPRSPRSRPSPRSPRSPRSPRSPRSPRSPRSPRSPRSPRSPRSPRSPRSPRSPRS
Case #94: SPPPPPPPPPRRRRRRRRRRRRRRRRRRRRRRRRRRRSSSSSSSSSSSSSSSSSSSSSSS
Case #95: SPPRRRRSSSSSSSSPPPPPPPPPPPPPPPPRRRRRRRRRRRRRRRRRRRSSSSSSSSSS
Case #96: SPPRRRRSSSSSSSSPPPPPPPPPPPPPPPPRRRRRRRRRRRRRRRRRRRSSSSSSSSSS
Case #97: PRSPRSPRSPRSPRSPRSPRSPRSPRSPRSPRSPRSPRSPRSPRSPRSPRSPRSPRSPRS
Case #98: RSSSSPPPPPPPPPPPPPPPRRRRRRRRRRRRRRRRRRRRRRRRRSSSSSSSSSSSSSSS
Case #99: SPPPPPPPPPRRRRRRRRRRRRRRRRRRRRRRRRRRRSSSSSSSSSSSSSSSSSSSSSSS
Case #100: PRSPRSPRSPRSPRSPRSPRSPRSPRSPRSPRSPRSPRSPRSPRSPRSPRSPRSPRSPRS
Case #101: SPPRRRRSSSSSSSSPPPPPPPPPPPPPPPPRRRRRRRRRRRRRRRRRRRSSSSSSSSSS
Case #102: RSSSSPPPPPPPPPPPPPPPRRRRRRRRRRRRRRRRRRRRRRRRRSSSSSSSSSSSSSSS
Case #103: PRSPRSPRSPRSPRSPRSPRSPRSPRSPRSPRSPRSPRSPRSPRSPRSPRSPRSPRSPRS
Case #104: SPPRRRRSSSSSSSSPPPPPPPPPPPPPPPPRRRRRRRRRRRRRRRRRRRSSSSSSSSSS
Case #105: PRSPRSPRSPRSPRSPRSPRSPRSPRSPRSPRSPRSPRSPRSPRSPRSPRSPRSPRSPRS
Case #106: SPPPPPPPPPRRRRRRRRRRRRRRRRRRRRRRRRRRRSSSSSSSSSSSSSSSSSSSSSSS
Case #107: SPPRRRRSSSSSSSSPPPPPPPPPPPPPPPPRRRRRRRRRRRRRRRRRRRSSSSSSSSSS
Case #108: SPPRRRRSSSSSSSSPPPPPPPPPPPPPPPPRRRRRRRRRRRRRRRRRRRSSSSSSSSSS
Case #109: PRSPRSPRSPRSPRSPRSPRSPRSPRSPRSPRSPRSPRSPRSPRSPRSPRSPRSPRSPRS
Case #110: RSSSSPPPPPPPPPPPPPPPRRRRRRRRRRRRRRRRRRRRRRRRRSSSSSSSSSSSSSSS
Case #111: SPPPPPPPPPRRRRRRRRRRRRRRRRRRRRRRRRRRRSSSSSSSSSSSSSSSSSSSSSSS
Case #112: RSSSSPPPPPPPPPPPPPPPRRRRRRRRRRRRRRRRRRRRRRRRRSSSSSSSSSSSSSSS
Case #113: SPPPPPPPPPRRRRRRRRRRRRRRRRRRRRRRRRRRRSSSSSSSSSSSSSSSSSSSSSSS
Case #114: SPPRRRRSSSSSSSSPPPPPPPPPPPPPPPPRRRRRRRRRRRRRRRRRRRSSSSSSSSSS
Case #115: RSSSSPPPPPPPPPPPPPPPRRRRRRRRRRRRRRRRRRRRRRRRRSSSSSSSSSSSSSSS
Case #116: PRSPRSPRSPRSPRSPRSPRSPRSPRSPRSPRSPRSPRSPRSPRSPRSPRSPRSPRSPRS
Case #117: SPPRRRRSSSSSSSSPPPPPPPPPPPPPPPPRRRRRRRRRRRRRRRRRRRSSSSSSSSSS
Case #118: RSSSSPPPPPPPPPPPPPPPRRRRRRRRRRRRRRRRRRRRRRRRRSSSSSSSSSSSSSSS
Case #119: PRSPRSPRSPRSPRSPRSPRSPRSPRSPRSPRSPRSPRSPRSPRSPRSPRSPRSPRSPRS
Case #120: RSSSSPPPPPPPPPPPPPPPRRRRRRRRRRRRRRRRRRRRRRRRRSSSSSSSSSSSSSSS
Case #121: SPPRRRRSSSSSSSSPPPPPPPPPPPPPPPPRRRRRRRRRRRRRRRRRRRSSSSSSSSSS
Case #122: SPPPPPPPPPRRRRRRRRRRRRRRRRRRRRRRRRRRRSSSSSSSSSSSSSSSSSSSSSSS
Case #123: RSSSSPPPPPPPPPPPPPPPRRRRRRRRRRRRRRRRRRRRRRRRRSSSSSSSSSSSSSSS
Case #124: SPPRRRRSSSSSSSSPPPPPPPPPPPPPPPPRRRRRRRRRRRRRRRRRRRSSSSSSSSSS
Case #125: PRSPRSPRSPRSPRSPRSPRSPRSPRSPRSPRSPRSPRSPRSPRSPRSPRSPRSPRSPRS
Case #126: SPPRRRRSSSSSSSSPPPPPPPPPPPPPPPPRRRRRRRRRRRRRRRRRRRSSSSSSSSSS
Case #127: SPPPPPPPPPRRRRRRRRRRRRRRRRRRRRRRRRRRRSSSSSSSSSSSSSSSSSSSSSSS
Case #128: SPPPPPPPPPRRRRRRRRRRRRRRRRRRRRRRRRRRRSSSSSSSSSSSSSSSSSSSSSSS
Case #129: SPPPPPPPPPRRRRRRRRRRRRRRRRRRRRRRRRRRRSSSSSSSSSSSSSSSSSSSSSSS
Case #130: RSSSSPPPPPPPPPPPPPPPRRRRRRRRRRRRRRRRRRRRRRRRRSSSSSSSSSSSSSSS
Case #131: PRSPRSPRSPRSPRSPRSPRSPRSPRSPRSPRSPRSPRSPRSPRSPRSPRSPRSPRSPRS
Case #132: SPPRRRRSSSSSSSSPPPPPPPPPPPPPPPPRRRRRRRRRRRRRRRRRRRSSSSSSSSSS
Case #133: RSSSSPPPPPPPPPPPPPPPRRRRRRRRRRRRRRRRRRRRRRRRRSSSSSSSSSSSSSSS
Case #134: RSSSSPPPPPPPPPPPPPPPRRRRRRRRRRRRRRRRRRRRRRRRRSSSSSSSSSSSSSSS
Case #135: RSSSSPPPPPPPPPPPPPPPRRRRRRRRRRRRRRRRRRRRRRRRRSSSSSSSSSSSSSSS
Case #136: RSSSSPPPPPPPPPPPPPPPRRRRRRRRRRRRRRRRRRRRRRRRRSSSSSSSSSSSSSSS
Case #137: SPPPPPPPPPRRRRRRRRRRRRRRRRRRRRRRRRRRRSSSSSSSSSSSSSSSSSSSSSSS
Case #138: SPPRRRRSSSSSSSSPPPPPPPPPPPPPPPPRRRRRRRRRRRRRRRRRRRSSSSSSSSSS
Case #139: RSSSSPPPPPPPPPPPPPPPRRRRRRRRRRRRRRRRRRRRRRRRRSSSSSSSSSSSSSSS
Case #140: RSSSSPPPPPPPPPPPPPPPRRRRRRRRRRRRRRRRRRRRRRRRRSSSSSSSSSSSSSSS
Case #141: SPPRRRRSSSSSSSSPPPPPPPPPPPPPPPPRRRRRRRRRRRRRRRRRRRSSSSSSSSSS
Case #142: PRSPRSPRSPRSPRSPRSPRSPRSPRSPRSPRSPRSPRSPRSPRSPRSPRSPRSPRSPRS
Case #143: SPPRRRRSSSSSSSSPPPPPPPPPPPPPPPPRRRRRRRRRRRRRRRRRRRSSSSSSSSSS
Case #144: PRSPRSPRSPRSPRSPRSPRSPRSPRSPRSPRSPRSPRSPRSPRSPRSPRSPRSPRSPRS
Case #145: SPPRRRRSSSSSSSSPPPPPPPPPPPPPPPPRRRRRRRRRRRRRRRRRRRSSSSSSSSSS
Case #146: PRSPRSPRSPRSPRSPRSPRSPRSPRSPRSPRSPRSPRSPRSPRSPRSPRSPRSPRSPRS
Case #147: RSSSSPPPPPPPPPPPPPPPRRRRRRRRRRRRRRRRRRRRRRRRRSSSSSSSSSSSSSSS
Case #148: SPPRRRRSSSSSSSSPPPPPPPPPPPPPPPPRRRRRRRRRRRRRRRRRRRSSSSSSSSSS
Case #149: SPPPPPPPPPRRRRRRRRRRRRRRRRRRRRRRRRRRRSSSSSSSSSSSSSSSSSSSSSSS
Case #150: PRSPRSPRSPRSPRSPRSPRSPRSPRSPRSPRSPRSPRSPRSPRSPRSPRSPRSPRSPRS
Case #151: RSSSSPPPPPPPPPPPPPPPRRRRRRRRRRRRRRRRRRRRRRRRRSSSSSSSSSSSSSSS
Case #152: SPPPPPPPPPRRRRRRRRRRRRRRRRRRRRRRRRRRRSSSSSSSSSSSSSSSSSSSSSSS
Case #153: RSSSSPPPPPPPPPPPPPPPRRRRRRRRRRRRRRRRRRRRRRRRRSSSSSSSSSSSSSSS
Case #154: SPPRRRRSSSSSSSSPPPPPPPPPPPPPPPPRRRRRRRRRRRRRRRRRRRSSSSSSSSSS
Case #155: SPPPPPPPPPRRRRRRRRRRRRRRRRRRRRRRRRRRRSSSSSSSSSSSSSSSSSSSSSSS
Case #156: RSSSSPPPPPPPPPPPPPPPRRRRRRRRRRRRRRRRRRRRRRRRRSSSSSSSSSSSSSSS
Case #157: PRSPRSPRSPRSPRSPRSPRSPRSPRSPRSPRSPRSPRSPRSPRSPRSPRSPRSPRSPRS
Case #158: RSSSSPPPPPPPPPPPPPPPRRRRRRRRRRRRRRRRRRRRRRRRRSSSSSSSSSSSSSSS
Case #159: SPPPPPPPPPRRRRRRRRRRRRRRRRRRRRRRRRRRRSSSSSSSSSSSSSSSSSSSSSSS
Case #160: RSSSSPPPPPPPPPPPPPPPRRRRRRRRRRRRRRRRRRRRRRRRRSSSSSSSSSSSSSSS
Case #161: SPPRRRRSSSSSSSSPPPPPPPPPPPPPPPPRRRRRRRRRRRRRRRRRRRSSSSSSSSSS
Case #162: SPPRRRRSSSSSSSSPPPPPPPPPPPPPPPPRRRRRRRRRRRRRRRRRRRSSSSSSSSSS
Case #163: PRSPRSPRSPRSPRSPRSPRSPRSPRSPRSPRSPRSPRSPRSPRSPRSPRSPRSPRSPRS
Case #164: SPPPPPPPPPRRRRRRRRRRRRRRRRRRRRRRRRRRRSSSSSSSSSSSSSSSSSSSSSSS
Case #165: SPPPPPPPPPRRRRRRRRRRRRRRRRRRRRRRRRRRRSSSSSSSSSSSSSSSSSSSSSSS
Case #166: SPPPPPPPPPRRRRRRRRRRRRRRRRRRRRRRRRRRRSSSSSSSSSSSSSSSSSSSSSSS
Case #167: RSSSSPPPPPPPPPPPPPPPRRRRRRRRRRRRRRRRRRRRRRRRRSSSSSSSSSSSSSSS
Case #168: PRSPRSPRSPRSPRSPRSPRSPRSPRSPRSPRSPRSPRSPRSPRSPRSPRSPRSPRSPRS
Case #169: SPPPPPPPPPRRRRRRRRRRRRRRRRRRRRRRRRRRRSSSSSSSSSSSSSSSSSSSSSSS
Case #170: SPPRRRRSSSSSSSSPPPPPPPPPPPPPPPPRRRRRRRRRRRRRRRRRRRSSSSSSSSSS
Case #171: RSSSSPPPPPPPPPPPPPPPRRRRRRRRRRRRRRRRRRRRRRRRRSSSSSSSSSSSSSSS
Case #172: RSSSSPPPPPPPPPPPPPPPRRRRRRRRRRRRRRRRRRRRRRRRRSSSSSSSSSSSSSSS
Case #173: RSSSSPPPPPPPPPPPPPPPRRRRRRRRRRRRRRRRRRRRRRRRRSSSSSSSSSSSSSSS
Case #174: PRSPRSPRSPRSPRSPRSPRSPRSPRSPRSPRSPRSPRSPRSPRSPRSPRSPRSPRSPRS
Case #175: SPPRRRRSSSSSSSSPPPPPPPPPPPPPPPPRRRRRRRRRRRRRRRRRRRSSSSSSSSSS
Case #176: SPPPPPPPPPRRRRRRRRRRRRRRRRRRRRRRRRRRRSSSSSSSSSSSSSSSSSSSSSSS
Case #177: SPPPPPPPPPRRRRRRRRRRRRRRRRRRRRRRRRRRRSSSSSSSSSSSSSSSSSSSSSSS
Case #178: PRSPRSPRSPRSPRSPRSPRSPRSPRSPRSPRSPRSPRSPRSPRSPRSPRSPRSPRSPRS
Case #179: PRSPRSPRSPRSPRSPRSPRSPRSPRSPRSPRSPRSPRSPRSPRSPRSPRSPRSPRSPRS
Case #180: PRSPRSPRSPRSPRSPRSPRSPRSPRSPRSPRSPRSPRSPRSPRSPRSPRSPRSPRSPRS
Case #181: SPPPPPPPPPRRRRRRRRRRRRRRRRRRRRRRRRRRRSSSSSSSSSSSSSSSSSSSSSSS
Case #182: PRSPRSPRSPRSPRSPRSPRSPRSPRSPRSPRSPRSPRSPRSPRSPRSPRSPRSPRSPRS
Case #183: SPPRRRRSSSSSSSSPPPPPPPPPPPPPPPPRRRRRRRRRRRRRRRRRRRSSSSSSSSSS
Case #184: PRSPRSPRSPRSPRSPRSPRSPRSPRSPRSPRSPRSPRSPRSPRSPRSPRSPRSPRSPRS
Case #185: PRSPRSPRSPRSPRSPRSPRSPRSPRSPRSPRSPRSPRSPRSPRSPRSPRSPRSPRSPRS
Case #186: SPPPPPPPPPRRRRRRRRRRRRRRRRRRRRRRRRRRRSSSSSSSSSSSSSSSSSSSSSSS
Case #187: PRSPRSPRSPRSPRSPRSPRSPRSPRSPRSPRSPRSPRSPRSPRSPRSPRSPRSPRSPRS
Case #188: SPPPPPPPPPRRRRRRRRRRRRRRRRRRRRRRRRRRRSSSSSSSSSSSSSSSSSSSSSSS
Case #189: RSSSSPPPPPPPPPPPPPPPRRRRRRRRRRRRRRRRRRRRRRRRRSSSSSSSSSSSSSSS
Case #190: SPPRRRRSSSSSSSSPPPPPPPPPPPPPPPPRRRRRRRRRRRRRRRRRRRSSSSSSSSSS
Case #191: PRSPRSPRSPRSPRSPRSPRSPRSPRSPRSPRSPRSPRSPRSPRSPRSPRSPRSPRSPRS
Case #192: PRSPRSPRSPRSPRSPRSPRSPRSPRSPRSPRSPRSPRSPRSPRSPRSPRSPRSPRSPRS
Case #193: RSSSSPPPPPPPPPPPPPPPRRRRRRRRRRRRRRRRRRRRRRRRRSSSSSSSSSSSSSSS
Case #194: RSSSSPPPPPPPPPPPPPPPRRRRRRRRRRRRRRRRRRRRRRRRRSSSSSSSSSSSSSSS
Case #195: RSSSSPPPPPPPPPPPPPPPRRRRRRRRRRRRRRRRRRRRRRRRRSSSSSSSSSSSSSSS
Case #196: SPPPPPPPPPRRRRRRRRRRRRRRRRRRRRRRRRRRRSSSSSSSSSSSSSSSSSSSSSSS
Case #197: PRSPRSPRSPRSPRSPRSPRSPRSPRSPRSPRSPRSPRSPRSPRSPRSPRSPRSPRSPRS
Case #198: SPPRRRRSSSSSSSSPPPPPPPPPPPPPPPPRRRRRRRRRRRRRRRRRRRSSSSSSSSSS
Case #199: SPPPPPPPPPRRRRRRRRRRRRRRRRRRRRRRRRRRRSSSSSSSSSSSSSSSSSSSSSSS
Case #200: RSSSSPPPPPPPPPPPPPPPRRRRRRRRRRRRRRRRRRRRRRRRRSSSSSSSSSSSSSSS
