Case #1: YES
Case #2: NO
Case #3: NO
Case #4: YES
Case #5: NO
Case #6: NO
Case #7: NO
Case #8: NO
Case #9: YES
Case #10: YES
Case #11: YES
Case #12: YES
Case #13: NO
Case #14: YES
Case #15: NO
Case #16: NO
Case #17: YES
Case #18: NO
Case #19: NO
Case #20: YES
Case #21: NO
Case #22: YES
Case #23: NO
Case #24: YES
Case #25: YES
Case #26: YES
Case #27: YES
Case #28: YES
Case #29: NO
Case #30: NO
Case #31: YES
Case #32: NO
Case #33: NO
Case #34: NO
Case #35: NO
Case #36: NO
Case #37: NO
Case #38: YES
Case #39: NO
Case #40: NO
Case #41: NO
Case #42: NO
Case #43: NO
Case #44: YES
Case #45: YES
Case #46: YES
Case #47: YES
Case #48: YES
Case #49: NO
Case #50: NO
Case #51: YES
Case #52: NO
Case #53: NO
Case #54: YES
Case #55: NO
Case #56: YES
Case #57: NO
Case #58: NO
Case #59: NO
Case #60: NO
Case #61: NO
Case #62: NO
Case #63: NO
Case #64: NO
Case #65: NO
Case #66: NO
Case #67: NO
Case #68: NO
Case #69: NO
Case #70: YES
Case #71: YES
Case #72: YES
Case #73: NO
Case #74: NO
Case #75: NO
Case #76: YES
Case #77: NO
Case #78: NO
Case #79: NO
Case #80: NO
Case #81: NO
Case #82: NO
Case #83: NO
Case #84: NO
Case #85: NO
Case #86: NO
Case #87: YES
Case #88: YES
Case #89: NO
Case #90: NO
Case #91: NO
Case #92: YES
Case #93: NO
Case #94: YES
Case #95: YES
Case #96: YES
Case #97: YES
Case #98: NO
Case #99: YES
Case #100: NO
